
Memory Configuration

Name             Origin             Length             Attributes
Mem              0x00000000         0x04000000         xrw
*default*        0x00000000         0xffffffff

Linker script and memory map

                0x00010000                . = 0x10000

.startup        0x00010000        0xc
 startup.o(.text)
 .text          0x00010000        0xc startup.o
                0x00010000                reset

.text           0x0001000c       0x68
 *(.text)
 .text          0x0001000c       0x18 app.o
                0x0001000c                main
 .text          0x00010024       0x50 uart.o
                0x00010024                UART_SEND_STRING
 *(.rodata)

.glue_7         0x00010074        0x0
 .glue_7        0x00000000        0x0 linker stubs

.glue_7t        0x00010074        0x0
 .glue_7t       0x00000000        0x0 linker stubs

.vfp11_veneer   0x00010074        0x0
 .vfp11_veneer  0x00000000        0x0 linker stubs

.v4_bx          0x00010074        0x0
 .v4_bx         0x00000000        0x0 linker stubs

.iplt           0x00010074        0x0
 .iplt          0x00000000        0x0 startup.o

.rel.dyn        0x00010074        0x0
 .rel.iplt      0x00000000        0x0 startup.o

.data           0x00010074       0x64
 *(.data)
 .data          0x00010074        0x0 startup.o
 .data          0x00010074       0x64 app.o
                0x00010074                string_buffer
 .data          0x000100d8        0x0 uart.o

.igot.plt       0x000100d8        0x0
 .igot.plt      0x00000000        0x0 startup.o

.bss            0x000100d8        0x0
 *(.bss)
 .bss           0x000100d8        0x0 startup.o
 .bss           0x000100d8        0x0 app.o
 .bss           0x000100d8        0x0 uart.o
 *(COMMON)
                0x000110d8                . = (. + 0x1000)
                0x000110d8                stack_top = .
LOAD app.o
LOAD uart.o
LOAD startup.o
OUTPUT(Learnindepth.elf elf32-littlearm)

.ARM.attributes
                0x00000000       0x2e
 .ARM.attributes
                0x00000000       0x22 startup.o
 .ARM.attributes
                0x00000022       0x32 app.o
 .ARM.attributes
                0x00000054       0x32 uart.o

.comment        0x00000000       0x11
 .comment       0x00000000       0x11 app.o
                                 0x12 (size before relaxing)
 .comment       0x00000000       0x12 uart.o

.debug_info     0x00000000      0x183
 .debug_info    0x00000000       0xbc app.o
 .debug_info    0x000000bc       0xc7 uart.o

.debug_abbrev   0x00000000       0xef
 .debug_abbrev  0x00000000       0x72 app.o
 .debug_abbrev  0x00000072       0x7d uart.o

.debug_loc      0x00000000       0x58
 .debug_loc     0x00000000       0x2c app.o
 .debug_loc     0x0000002c       0x2c uart.o

.debug_aranges  0x00000000       0x40
 .debug_aranges
                0x00000000       0x20 app.o
 .debug_aranges
                0x00000020       0x20 uart.o

.debug_line     0x00000000       0x9a
 .debug_line    0x00000000       0x49 app.o
 .debug_line    0x00000049       0x51 uart.o

.debug_str      0x00000000       0xf3
 .debug_str     0x00000000       0xca app.o
                                 0xea (size before relaxing)
 .debug_str     0x000000ca       0x29 uart.o
                                 0xf1 (size before relaxing)

.debug_frame    0x00000000       0x54
 .debug_frame   0x00000000       0x2c app.o
 .debug_frame   0x0000002c       0x28 uart.o
