
Memory Configuration

Name             Origin             Length             Attributes
flash            0x08000000         0x00020000         xr
sram             0x20000000         0x00005000         xrw
*default*        0x00000000         0xffffffff

Linker script and memory map


.text           0x08000000      0x19c
 *(.vectors*)
 .vectors       0x08000000       0x1c startup.o
                0x08000000                vectors
 *(.text*)
 .text          0x0800001c       0xbc main.o
                0x0800001c                main
 .text          0x080000d8       0xc4 startup.o
                0x080000d8                MM_Fault_Handler
                0x080000d8                Usage_Fault_Handler
                0x080000d8                Bus_Fault
                0x080000d8                Default_Handler
                0x080000d8                H_fault_Handler
                0x080000d8                NMI_Handler
                0x080000e4                Reset_Handler
 *(.rodata*)
                0x0800019c                _E_text = .

.glue_7         0x0800019c        0x0
 .glue_7        0x00000000        0x0 linker stubs

.glue_7t        0x0800019c        0x0
 .glue_7t       0x00000000        0x0 linker stubs

.vfp11_veneer   0x0800019c        0x0
 .vfp11_veneer  0x00000000        0x0 linker stubs

.v4_bx          0x0800019c        0x0
 .v4_bx         0x00000000        0x0 linker stubs

.iplt           0x0800019c        0x0
 .iplt          0x00000000        0x0 startup.o

.rel.dyn        0x0800019c        0x0
 .rel.iplt      0x00000000        0x0 startup.o

.data           0x20000000        0x4 load address 0x0800019c
                0x20000000                _S_DATA = .
 *(.data*)
 .data          0x20000000        0x4 main.o
                0x20000000                RA_ODR
 .data          0x20000004        0x0 startup.o
                0x20000004                . = ALIGN (0x4)
                0x20000004                _E_DATA = .

.igot.plt       0x20000004        0x0 load address 0x080001a0
 .igot.plt      0x00000000        0x0 startup.o

.bss            0x20000004     0x1000 load address 0x080001a0
                0x20000004                _S_BSS = .
 *(.bss*)
 .bss           0x20000004        0x0 main.o
 .bss           0x20000004        0x0 startup.o
                0x20000004                _E_BSS = .
                0x20000004                . = ALIGN (0x4)
                0x20001004                . = (. + 0x1000)
 *fill*         0x20000004     0x1000 
                0x20001004                _stack_top = .
LOAD main.o
LOAD startup.o
OUTPUT(learn_in_depth_lab2.elf elf32-littlearm)

.comment        0x00000000       0x11
 .comment       0x00000000       0x11 main.o
                                 0x12 (size before relaxing)
 .comment       0x00000000       0x12 startup.o

.ARM.attributes
                0x00000000       0x33
 .ARM.attributes
                0x00000000       0x33 main.o
 .ARM.attributes
                0x00000033       0x33 startup.o
